[INFO] Scanning for projects...
[INFO] 
[INFO] -----------------< com.arremateai:arremateai-gateway >------------------
[INFO] Building arremateai-gateway 0.0.1-SNAPSHOT
[INFO]   from pom.xml
[INFO] --------------------------------[ jar ]---------------------------------
[INFO] 
[INFO] --- clean:3.3.2:clean (default-clean) @ arremateai-gateway ---
[INFO] Deleting C:\Projetos\arremateai-gateway\target
[INFO] 
[INFO] --- checkstyle:3.3.1:check (validate) @ arremateai-gateway ---
[INFO] 
[INFO] --- resources:3.3.1:resources (default-resources) @ arremateai-gateway ---
[INFO] Copying 1 resource from src\main\resources to target\classes
[INFO] Copying 0 resource from src\main\resources to target\classes
[INFO] 
[INFO] --- compiler:3.11.0:compile (default-compile) @ arremateai-gateway ---
[INFO] Changes detected - recompiling the module! :source
[INFO] Compiling 4 source files with javac [debug release 17] to target\classes
